https://docs.aws.amazon.com/greengrass/v2/developerguide/monitor-logs.html c


2022-10-22T20:16:51.746Z [WARN] (Copier) linkcd.sensehat.HelloWorld: stderr. File "/usr/lib/python3/dist-packages/sense_hat/stick.py", line 57, in __init__. {scriptName=services.linkcd.sensehat.HelloWorld.lifecycle.Run, serviceName=linkcd.sensehat.HelloWorld, currentState=RUNNING}
2022-10-22T20:16:51.747Z [WARN] (Copier) linkcd.sensehat.HelloWorld: stderr. self._stick_file = io.open(self._stick_device(), 'rb', buffering=0). {scriptName=services.linkcd.sensehat.HelloWorld.lifecycle.Run, serviceName=linkcd.sensehat.HelloWorld, currentState=RUNNING}
2022-10-22T20:16:51.747Z [WARN] (Copier) linkcd.sensehat.HelloWorld: stderr. PermissionError: [Errno 13] Permission denied: '/dev/input/event1'. {scriptName=services.linkcd.sensehat.HelloWorld.lifecycle.Run, serviceName=linkcd.sensehat.HelloWorld, currentState=RUNNING}
2022-10-22T20:16:51.914Z [INFO] (Copier) linkcd.sensehat.HelloWorld: Run script exited. {exitCode=1, serviceName=linkcd.sensehat.HelloWorld, currentState=RUNNING}
qiuqiu@raspberrypi:/greengrass/v2 $ ls -l /dev/input/event1
crw-rw---- 1 root input 13, 65 Sep 22 04:17 /dev/input/event1
qiuqiu@raspberrypi:/greengrass/v2 $ groups ggc_user
ggc_user : ggc_user ggc_group
qiuqiu@raspberrypi:/greengrass/v2 $ group qiuqiu
-bash: group: command not found
qiuqiu@raspberrypi:/greengrass/v2 $ groups qiuqiu
qiuqiu : qiuqiu adm dialout cdrom sudo audio video plugdev games users input render netdev spi i2c gpio lpadmin
qiuqiu@raspberrypi:/greengrass/v2 $ sudo addgroup ggc_user input
perl: warning: Setting locale failed.
perl: warning: Please check that your locale settings:
	LANGUAGE = (unset),
	LC_ALL = (unset),
	LC_TERMINAL = "iTerm2",
	LC_CTYPE = "UTF-8",
	LANG = "en_GB.UTF-8"
    are supported and installed on your system.
perl: warning: Falling back to a fallback locale ("en_GB.UTF-8").
Adding user `ggc_user' to group `input' ...
Adding user ggc_user to group input
Done.
qiuqiu@raspberrypi:/greengrass/v2 $




2022-10-22T20:35:03.845Z [WARN] (Copier) linkcd.sensehat.HelloWorld: stderr. PermissionError: [Errno 13] Permission denied: '/dev/fb0'. {scriptName=services.linkcd.sensehat.HelloWorld.lifecycle.Run, serviceName=linkcd.sensehat.HelloWorld, currentState=RUNNING}
2022-10-22T20:35:04.018Z [INFO] (Copier) linkcd.sensehat.HelloWorld: Run script exited. {exitCode=1, serviceName=linkcd.sensehat.HelloWorld, currentState=RUNNING}
qiuqiu@raspberrypi:/greengrass/v2 $ ls -l /dev/fb0
crw-rw---- 1 root video 29, 0 Sep 22 04:17 /dev/fb0
qiuqiu@raspberrypi:/greengrass/v2 $ sudo addgroup ggc_user video
perl: warning: Setting locale failed.
perl: warning: Please check that your locale settings:
	LANGUAGE = (unset),
	LC_ALL = (unset),
	LC_TERMINAL = "iTerm2",
	LC_CTYPE = "UTF-8",
	LANG = "en_GB.UTF-8"
    are supported and installed on your system.
perl: warning: Falling back to a fallback locale ("en_GB.UTF-8").
Adding user `ggc_user' to group `video' ...
Adding user ggc_user to group video
Done.
qiuqiu@raspberrypi:/greengrass/v2 $